
> ecovistalife@0.1.0 build
> next build

Γû▓ Next.js 16.2.3 (Turbopack)
- Environments: .env.local

npm : ΓÜá The "middleware" file convention is deprecated. Please use "proxy" instead. Learn more: 
https://nextjs.org/docs/messages/middleware-to-proxy
At line:1 char:1
+ npm run build > build_output.txt 2>&1 ; Select-String -Path build_out ...
+ ~~~~~~~~~~~~~~~~~~~~~~~~~~~~~~~~~~~~~
    + CategoryInfo          : NotSpecified: (ΓÜá The "middle...leware-to-proxy:String) [], RemoteException
    + FullyQualifiedErrorId : NativeCommandError
 
  Creating an optimized production build ...

> Build error occurred
Error: Turbopack build failed with 12 errors:
./src/components/blocks/FooterBlock.tsx:3:1
Export Facebook doesn't exist in target module
  [90m1 |[0m [36mimport[0m [33mLink[0m [36mfrom[0m [32m"next/link"[0m;
  [90m2 |[0m [36mimport[0m { [33mReactNode[0m } [36mfrom[0m [32m"react"[0m;
[31m[1m>[0m [90m3 |[0m [36mimport[0m { [33mMapPin[0m, [33mPhone[0m, [33mMail[0m, [33mFacebook[0m, 
[33mInstagram[0m, [33mLinkedin[0m, [33mTwitter[0m } [36mfrom[0m [32m"lucide-react"[0m;
  [90m  |[0m [31m[1m^^^^^^^^^^^^^^^^^^^^^^^^^^^^^^^^^^^^^^^^^^^^^^^^^^^^^^^^^^^^^^^^^^^^^^^^^^^^^^^^^^^^^^^^^^^[0m
  [90m4 |[0m [36mimport[0m { twMerge } [36mfrom[0m [32m"tailwind-merge"[0m;
  [90m5 |[0m
  [90m6 |[0m [36minterface[0m [33mFooterColumn[0m {

The export Facebook was not found in module [project]/node_modules/lucide-react/dist/esm/lucide-react.js [app-client] 
(ecmascript).
Did you mean to import Webhook?
All exports of the module are statically known (It doesn't have dynamic exports). So it's known statically that the 
requested export doesn't exist.

Import traces:
  Server Component:
    ./src/components/blocks/FooterBlock.tsx
    ./src/components/blocks/BlockRenderer.tsx
    ./src/app/[slug]/page.tsx

  Client Component Browser:
    ./src/components/blocks/FooterBlock.tsx [Client Component Browser]
    ./src/components/blocks/AdminBlockRenderer.tsx [Client Component Browser]
    ./src/components/admin/VisualBuilder.tsx [Client Component Browser]
    ./src/app/admin/templates/[id]/page.tsx [Client Component Browser]
    ./src/app/admin/templates/[id]/page.tsx [Server Component]

  Client Component SSR:
    ./src/components/blocks/FooterBlock.tsx [Client Component SSR]
    ./src/components/blocks/AdminBlockRenderer.tsx [Client Component SSR]
    ./src/components/admin/VisualBuilder.tsx [Client Component SSR]
    ./src/app/admin/templates/[id]/page.tsx [Client Component SSR]
    ./src/app/admin/templates/[id]/page.tsx [Server Component]


./src/components/blocks/FooterBlock.tsx:3:1
Export Facebook doesn't exist in target module
  [90m1 |[0m [36mimport[0m [33mLink[0m [36mfrom[0m [32m"next/link"[0m;
  [90m2 |[0m [36mimport[0m { [33mReactNode[0m } [36mfrom[0m [32m"react"[0m;
[31m[1m>[0m [90m3 |[0m [36mimport[0m { [33mMapPin[0m, [33mPhone[0m, [33mMail[0m, [33mFacebook[0m, 
[33mInstagram[0m, [33mLinkedin[0m, [33mTwitter[0m } [36mfrom[0m [32m"lucide-react"[0m;
  [90m  |[0m [31m[1m^^^^^^^^^^^^^^^^^^^^^^^^^^^^^^^^^^^^^^^^^^^^^^^^^^^^^^^^^^^^^^^^^^^^^^^^^^^^^^^^^^^^^^^^^^^[0m
  [90m4 |[0m [36mimport[0m { twMerge } [36mfrom[0m [32m"tailwind-merge"[0m;
  [90m5 |[0m
  [90m6 |[0m [36minterface[0m [33mFooterColumn[0m {

The export Facebook was not found in module [project]/node_modules/lucide-react/dist/esm/lucide-react.js [app-rsc] 
(ecmascript).
Did you mean to import Webhook?
All exports of the module are statically known (It doesn't have dynamic exports). So it's known statically that the 
requested export doesn't exist.

Import traces:
  Server Component:
    ./src/components/blocks/FooterBlock.tsx
    ./src/components/blocks/BlockRenderer.tsx
    ./src/app/[slug]/page.tsx

  Client Component Browser:
    ./src/components/blocks/FooterBlock.tsx [Client Component Browser]
    ./src/components/blocks/AdminBlockRenderer.tsx [Client Component Browser]
    ./src/components/admin/VisualBuilder.tsx [Client Component Browser]
    ./src/app/admin/templates/[id]/page.tsx [Client Component Browser]
    ./src/app/admin/templates/[id]/page.tsx [Server Component]

  Client Component SSR:
    ./src/components/blocks/FooterBlock.tsx [Client Component SSR]
    ./src/components/blocks/AdminBlockRenderer.tsx [Client Component SSR]
    ./src/components/admin/VisualBuilder.tsx [Client Component SSR]
    ./src/app/admin/templates/[id]/page.tsx [Client Component SSR]
    ./src/app/admin/templates/[id]/page.tsx [Server Component]


./src/components/blocks/FooterBlock.tsx:3:1
Export Facebook doesn't exist in target module
  [90m1 |[0m [36mimport[0m [33mLink[0m [36mfrom[0m [32m"next/link"[0m;
  [90m2 |[0m [36mimport[0m { [33mReactNode[0m } [36mfrom[0m [32m"react"[0m;
[31m[1m>[0m [90m3 |[0m [36mimport[0m { [33mMapPin[0m, [33mPhone[0m, [33mMail[0m, [33mFacebook[0m, 
[33mInstagram[0m, [33mLinkedin[0m, [33mTwitter[0m } [36mfrom[0m [32m"lucide-react"[0m;
  [90m  |[0m [31m[1m^^^^^^^^^^^^^^^^^^^^^^^^^^^^^^^^^^^^^^^^^^^^^^^^^^^^^^^^^^^^^^^^^^^^^^^^^^^^^^^^^^^^^^^^^^^[0m
  [90m4 |[0m [36mimport[0m { twMerge } [36mfrom[0m [32m"tailwind-merge"[0m;
  [90m5 |[0m
  [90m6 |[0m [36minterface[0m [33mFooterColumn[0m {

The export Facebook was not found in module [project]/node_modules/lucide-react/dist/esm/lucide-react.js [app-ssr] 
(ecmascript).
Did you mean to import Webhook?
All exports of the module are statically known (It doesn't have dynamic exports). So it's known statically that the 
requested export doesn't exist.

Import traces:
  Server Component:
    ./src/components/blocks/FooterBlock.tsx
    ./src/components/blocks/BlockRenderer.tsx
    ./src/app/[slug]/page.tsx

  Client Component Browser:
    ./src/components/blocks/FooterBlock.tsx [Client Component Browser]
    ./src/components/blocks/AdminBlockRenderer.tsx [Client Component Browser]
    ./src/components/admin/VisualBuilder.tsx [Client Component Browser]
    ./src/app/admin/templates/[id]/page.tsx [Client Component Browser]
    ./src/app/admin/templates/[id]/page.tsx [Server Component]

  Client Component SSR:
    ./src/components/blocks/FooterBlock.tsx [Client Component SSR]
    ./src/components/blocks/AdminBlockRenderer.tsx [Client Component SSR]
    ./src/components/admin/VisualBuilder.tsx [Client Component SSR]
    ./src/app/admin/templates/[id]/page.tsx [Client Component SSR]
    ./src/app/admin/templates/[id]/page.tsx [Server Component]


./src/components/blocks/FooterBlock.tsx:3:1
Export Instagram doesn't exist in target module
  [90m1 |[0m [36mimport[0m [33mLink[0m [36mfrom[0m [32m"next/link"[0m;
  [90m2 |[0m [36mimport[0m { [33mReactNode[0m } [36mfrom[0m [32m"react"[0m;
[31m[1m>[0m [90m3 |[0m [36mimport[0m { [33mMapPin[0m, [33mPhone[0m, [33mMail[0m, [33mFacebook[0m, 
[33mInstagram[0m, [33mLinkedin[0m, [33mTwitter[0m } [36mfrom[0m [32m"lucide-react"[0m;
  [90m  |[0m [31m[1m^^^^^^^^^^^^^^^^^^^^^^^^^^^^^^^^^^^^^^^^^^^^^^^^^^^^^^^^^^^^^^^^^^^^^^^^^^^^^^^^^^^^^^^^^^^[0m
  [90m4 |[0m [36mimport[0m { twMerge } [36mfrom[0m [32m"tailwind-merge"[0m;
  [90m5 |[0m
  [90m6 |[0m [36minterface[0m [33mFooterColumn[0m {

The export Instagram was not found in module [project]/node_modules/lucide-react/dist/esm/lucide-react.js [app-client] 
(ecmascript).
Did you mean to import Star?
All exports of the module are statically known (It doesn't have dynamic exports). So it's known statically that the 
requested export doesn't exist.

Import traces:
  Server Component:
    ./src/components/blocks/FooterBlock.tsx
    ./src/components/blocks/BlockRenderer.tsx
    ./src/app/[slug]/page.tsx

  Client Component Browser:
    ./src/components/blocks/FooterBlock.tsx [Client Component Browser]
    ./src/components/blocks/AdminBlockRenderer.tsx [Client Component Browser]
    ./src/components/admin/VisualBuilder.tsx [Client Component Browser]
    ./src/app/admin/templates/[id]/page.tsx [Client Component Browser]
    ./src/app/admin/templates/[id]/page.tsx [Server Component]

  Client Component SSR:
    ./src/components/blocks/FooterBlock.tsx [Client Component SSR]
    ./src/components/blocks/AdminBlockRenderer.tsx [Client Component SSR]
    ./src/components/admin/VisualBuilder.tsx [Client Component SSR]
    ./src/app/admin/templates/[id]/page.tsx [Client Component SSR]
    ./src/app/admin/templates/[id]/page.tsx [Server Component]


./src/components/blocks/FooterBlock.tsx:3:1
Export Instagram doesn't exist in target module
  [90m1 |[0m [36mimport[0m [33mLink[0m [36mfrom[0m [32m"next/link"[0m;
  [90m2 |[0m [36mimport[0m { [33mReactNode[0m } [36mfrom[0m [32m"react"[0m;
[31m[1m>[0m [90m3 |[0m [36mimport[0m { [33mMapPin[0m, [33mPhone[0m, [33mMail[0m, [33mFacebook[0m, 
[33mInstagram[0m, [33mLinkedin[0m, [33mTwitter[0m } [36mfrom[0m [32m"lucide-react"[0m;
  [90m  |[0m [31m[1m^^^^^^^^^^^^^^^^^^^^^^^^^^^^^^^^^^^^^^^^^^^^^^^^^^^^^^^^^^^^^^^^^^^^^^^^^^^^^^^^^^^^^^^^^^^[0m
  [90m4 |[0m [36mimport[0m { twMerge } [36mfrom[0m [32m"tailwind-merge"[0m;
  [90m5 |[0m
  [90m6 |[0m [36minterface[0m [33mFooterColumn[0m {

The export Instagram was not found in module [project]/node_modules/lucide-react/dist/esm/lucide-react.js [app-rsc] 
(ecmascript).
Did you mean to import Star?
All exports of the module are statically known (It doesn't have dynamic exports). So it's known statically that the 
requested export doesn't exist.

Import traces:
  Server Component:
    ./src/components/blocks/FooterBlock.tsx
    ./src/components/blocks/BlockRenderer.tsx
    ./src/app/[slug]/page.tsx

  Client Component Browser:
    ./src/components/blocks/FooterBlock.tsx [Client Component Browser]
    ./src/components/blocks/AdminBlockRenderer.tsx [Client Component Browser]
    ./src/components/admin/VisualBuilder.tsx [Client Component Browser]
    ./src/app/admin/templates/[id]/page.tsx [Client Component Browser]
    ./src/app/admin/templates/[id]/page.tsx [Server Component]

  Client Component SSR:
    ./src/components/blocks/FooterBlock.tsx [Client Component SSR]
    ./src/components/blocks/AdminBlockRenderer.tsx [Client Component SSR]
    ./src/components/admin/VisualBuilder.tsx [Client Component SSR]
    ./src/app/admin/templates/[id]/page.tsx [Client Component SSR]
    ./src/app/admin/templates/[id]/page.tsx [Server Component]


./src/components/blocks/FooterBlock.tsx:3:1
Export Instagram doesn't exist in target module
  [90m1 |[0m [36mimport[0m [33mLink[0m [36mfrom[0m [32m"next/link"[0m;
  [90m2 |[0m [36mimport[0m { [33mReactNode[0m } [36mfrom[0m [32m"react"[0m;
[31m[1m>[0m [90m3 |[0m [36mimport[0m { [33mMapPin[0m, [33mPhone[0m, [33mMail[0m, [33mFacebook[0m, 
[33mInstagram[0m, [33mLinkedin[0m, [33mTwitter[0m } [36mfrom[0m [32m"lucide-react"[0m;
  [90m  |[0m [31m[1m^^^^^^^^^^^^^^^^^^^^^^^^^^^^^^^^^^^^^^^^^^^^^^^^^^^^^^^^^^^^^^^^^^^^^^^^^^^^^^^^^^^^^^^^^^^[0m
  [90m4 |[0m [36mimport[0m { twMerge } [36mfrom[0m [32m"tailwind-merge"[0m;
  [90m5 |[0m
  [90m6 |[0m [36minterface[0m [33mFooterColumn[0m {

The export Instagram was not found in module [project]/node_modules/lucide-react/dist/esm/lucide-react.js [app-ssr] 
(ecmascript).
Did you mean to import Star?
All exports of the module are statically known (It doesn't have dynamic exports). So it's known statically that the 
requested export doesn't exist.

Import traces:
  Server Component:
    ./src/components/blocks/FooterBlock.tsx
    ./src/components/blocks/BlockRenderer.tsx
    ./src/app/[slug]/page.tsx

  Client Component Browser:
    ./src/components/blocks/FooterBlock.tsx [Client Component Browser]
    ./src/components/blocks/AdminBlockRenderer.tsx [Client Component Browser]
    ./src/components/admin/VisualBuilder.tsx [Client Component Browser]
    ./src/app/admin/templates/[id]/page.tsx [Client Component Browser]
    ./src/app/admin/templates/[id]/page.tsx [Server Component]

  Client Component SSR:
    ./src/components/blocks/FooterBlock.tsx [Client Component SSR]
    ./src/components/blocks/AdminBlockRenderer.tsx [Client Component SSR]
    ./src/components/admin/VisualBuilder.tsx [Client Component SSR]
    ./src/app/admin/templates/[id]/page.tsx [Client Component SSR]
    ./src/app/admin/templates/[id]/page.tsx [Server Component]


./src/components/blocks/FooterBlock.tsx:3:1
Export Linkedin doesn't exist in target module
  [90m1 |[0m [36mimport[0m [33mLink[0m [36mfrom[0m [32m"next/link"[0m;
  [90m2 |[0m [36mimport[0m { [33mReactNode[0m } [36mfrom[0m [32m"react"[0m;
[31m[1m>[0m [90m3 |[0m [36mimport[0m { [33mMapPin[0m, [33mPhone[0m, [33mMail[0m, [33mFacebook[0m, 
[33mInstagram[0m, [33mLinkedin[0m, [33mTwitter[0m } [36mfrom[0m [32m"lucide-react"[0m;
  [90m  |[0m [31m[1m^^^^^^^^^^^^^^^^^^^^^^^^^^^^^^^^^^^^^^^^^^^^^^^^^^^^^^^^^^^^^^^^^^^^^^^^^^^^^^^^^^^^^^^^^^^[0m
  [90m4 |[0m [36mimport[0m { twMerge } [36mfrom[0m [32m"tailwind-merge"[0m;
  [90m5 |[0m
  [90m6 |[0m [36minterface[0m [33mFooterColumn[0m {

The export Linkedin was not found in module [project]/node_modules/lucide-react/dist/esm/lucide-react.js [app-client] 
(ecmascript).
Did you mean to import Link?
All exports of the module are statically known (It doesn't have dynamic exports). So it's known statically that the 
requested export doesn't exist.

Import traces:
  Server Component:
    ./src/components/blocks/FooterBlock.tsx
    ./src/components/blocks/BlockRenderer.tsx
    ./src/app/[slug]/page.tsx

  Client Component Browser:
    ./src/components/blocks/FooterBlock.tsx [Client Component Browser]
    ./src/components/blocks/AdminBlockRenderer.tsx [Client Component Browser]
    ./src/components/admin/VisualBuilder.tsx [Client Component Browser]
    ./src/app/admin/templates/[id]/page.tsx [Client Component Browser]
    ./src/app/admin/templates/[id]/page.tsx [Server Component]

  Client Component SSR:
    ./src/components/blocks/FooterBlock.tsx [Client Component SSR]
    ./src/components/blocks/AdminBlockRenderer.tsx [Client Component SSR]
    ./src/components/admin/VisualBuilder.tsx [Client Component SSR]
    ./src/app/admin/templates/[id]/page.tsx [Client Component SSR]
    ./src/app/admin/templates/[id]/page.tsx [Server Component]


./src/components/blocks/FooterBlock.tsx:3:1
Export Linkedin doesn't exist in target module
  [90m1 |[0m [36mimport[0m [33mLink[0m [36mfrom[0m [32m"next/link"[0m;
  [90m2 |[0m [36mimport[0m { [33mReactNode[0m } [36mfrom[0m [32m"react"[0m;
[31m[1m>[0m [90m3 |[0m [36mimport[0m { [33mMapPin[0m, [33mPhone[0m, [33mMail[0m, [33mFacebook[0m, 
[33mInstagram[0m, [33mLinkedin[0m, [33mTwitter[0m } [36mfrom[0m [32m"lucide-react"[0m;
  [90m  |[0m [31m[1m^^^^^^^^^^^^^^^^^^^^^^^^^^^^^^^^^^^^^^^^^^^^^^^^^^^^^^^^^^^^^^^^^^^^^^^^^^^^^^^^^^^^^^^^^^^[0m
  [90m4 |[0m [36mimport[0m { twMerge } [36mfrom[0m [32m"tailwind-merge"[0m;
  [90m5 |[0m
  [90m6 |[0m [36minterface[0m [33mFooterColumn[0m {

The export Linkedin was not found in module [project]/node_modules/lucide-react/dist/esm/lucide-react.js [app-rsc] 
(ecmascript).
Did you mean to import Link?
All exports of the module are statically known (It doesn't have dynamic exports). So it's known statically that the 
requested export doesn't exist.

Import traces:
  Server Component:
    ./src/components/blocks/FooterBlock.tsx
    ./src/components/blocks/BlockRenderer.tsx
    ./src/app/[slug]/page.tsx

  Client Component Browser:
    ./src/components/blocks/FooterBlock.tsx [Client Component Browser]
    ./src/components/blocks/AdminBlockRenderer.tsx [Client Component Browser]
    ./src/components/admin/VisualBuilder.tsx [Client Component Browser]
    ./src/app/admin/templates/[id]/page.tsx [Client Component Browser]
    ./src/app/admin/templates/[id]/page.tsx [Server Component]

  Client Component SSR:
    ./src/components/blocks/FooterBlock.tsx [Client Component SSR]
    ./src/components/blocks/AdminBlockRenderer.tsx [Client Component SSR]
    ./src/components/admin/VisualBuilder.tsx [Client Component SSR]
    ./src/app/admin/templates/[id]/page.tsx [Client Component SSR]
    ./src/app/admin/templates/[id]/page.tsx [Server Component]


./src/components/blocks/FooterBlock.tsx:3:1
Export Linkedin doesn't exist in target module
  [90m1 |[0m [36mimport[0m [33mLink[0m [36mfrom[0m [32m"next/link"[0m;
  [90m2 |[0m [36mimport[0m { [33mReactNode[0m } [36mfrom[0m [32m"react"[0m;
[31m[1m>[0m [90m3 |[0m [36mimport[0m { [33mMapPin[0m, [33mPhone[0m, [33mMail[0m, [33mFacebook[0m, 
[33mInstagram[0m, [33mLinkedin[0m, [33mTwitter[0m } [36mfrom[0m [32m"lucide-react"[0m;
  [90m  |[0m [31m[1m^^^^^^^^^^^^^^^^^^^^^^^^^^^^^^^^^^^^^^^^^^^^^^^^^^^^^^^^^^^^^^^^^^^^^^^^^^^^^^^^^^^^^^^^^^^[0m
  [90m4 |[0m [36mimport[0m { twMerge } [36mfrom[0m [32m"tailwind-merge"[0m;
  [90m5 |[0m
  [90m6 |[0m [36minterface[0m [33mFooterColumn[0m {

The export Linkedin was not found in module [project]/node_modules/lucide-react/dist/esm/lucide-react.js [app-ssr] 
(ecmascript).
Did you mean to import Link?
All exports of the module are statically known (It doesn't have dynamic exports). So it's known statically that the 
requested export doesn't exist.

Import traces:
  Server Component:
    ./src/components/blocks/FooterBlock.tsx
    ./src/components/blocks/BlockRenderer.tsx
    ./src/app/[slug]/page.tsx

  Client Component Browser:
    ./src/components/blocks/FooterBlock.tsx [Client Component Browser]
    ./src/components/blocks/AdminBlockRenderer.tsx [Client Component Browser]
    ./src/components/admin/VisualBuilder.tsx [Client Component Browser]
    ./src/app/admin/templates/[id]/page.tsx [Client Component Browser]
    ./src/app/admin/templates/[id]/page.tsx [Server Component]

  Client Component SSR:
    ./src/components/blocks/FooterBlock.tsx [Client Component SSR]
    ./src/components/blocks/AdminBlockRenderer.tsx [Client Component SSR]
    ./src/components/admin/VisualBuilder.tsx [Client Component SSR]
    ./src/app/admin/templates/[id]/page.tsx [Client Component SSR]
    ./src/app/admin/templates/[id]/page.tsx [Server Component]


./src/components/blocks/FooterBlock.tsx:3:1
Export Twitter doesn't exist in target module
  [90m1 |[0m [36mimport[0m [33mLink[0m [36mfrom[0m [32m"next/link"[0m;
  [90m2 |[0m [36mimport[0m { [33mReactNode[0m } [36mfrom[0m [32m"react"[0m;
[31m[1m>[0m [90m3 |[0m [36mimport[0m { [33mMapPin[0m, [33mPhone[0m, [33mMail[0m, [33mFacebook[0m, 
[33mInstagram[0m, [33mLinkedin[0m, [33mTwitter[0m } [36mfrom[0m [32m"lucide-react"[0m;
  [90m  |[0m [31m[1m^^^^^^^^^^^^^^^^^^^^^^^^^^^^^^^^^^^^^^^^^^^^^^^^^^^^^^^^^^^^^^^^^^^^^^^^^^^^^^^^^^^^^^^^^^^[0m
  [90m4 |[0m [36mimport[0m { twMerge } [36mfrom[0m [32m"tailwind-merge"[0m;
  [90m5 |[0m
  [90m6 |[0m [36minterface[0m [33mFooterColumn[0m {

The export Twitter was not found in module [project]/node_modules/lucide-react/dist/esm/lucide-react.js [app-client] 
(ecmascript).
Did you mean to import Timer?
All exports of the module are statically known (It doesn't have dynamic exports). So it's known statically that the 
requested export doesn't exist.

Import traces:
  Server Component:
    ./src/components/blocks/FooterBlock.tsx
    ./src/components/blocks/BlockRenderer.tsx
    ./src/app/[slug]/page.tsx

  Client Component Browser:
    ./src/components/blocks/FooterBlock.tsx [Client Component Browser]
    ./src/components/blocks/AdminBlockRenderer.tsx [Client Component Browser]
    ./src/components/admin/VisualBuilder.tsx [Client Component Browser]
    ./src/app/admin/templates/[id]/page.tsx [Client Component Browser]
    ./src/app/admin/templates/[id]/page.tsx [Server Component]

  Client Component SSR:
    ./src/components/blocks/FooterBlock.tsx [Client Component SSR]
    ./src/components/blocks/AdminBlockRenderer.tsx [Client Component SSR]
    ./src/components/admin/VisualBuilder.tsx [Client Component SSR]
    ./src/app/admin/templates/[id]/page.tsx [Client Component SSR]
    ./src/app/admin/templates/[id]/page.tsx [Server Component]


./src/components/blocks/FooterBlock.tsx:3:1
Export Twitter doesn't exist in target module
  [90m1 |[0m [36mimport[0m [33mLink[0m [36mfrom[0m [32m"next/link"[0m;
  [90m2 |[0m [36mimport[0m { [33mReactNode[0m } [36mfrom[0m [32m"react"[0m;
[31m[1m>[0m [90m3 |[0m [36mimport[0m { [33mMapPin[0m, [33mPhone[0m, [33mMail[0m, [33mFacebook[0m, 
[33mInstagram[0m, [33mLinkedin[0m, [33mTwitter[0m } [36mfrom[0m [32m"lucide-react"[0m;
  [90m  |[0m [31m[1m^^^^^^^^^^^^^^^^^^^^^^^^^^^^^^^^^^^^^^^^^^^^^^^^^^^^^^^^^^^^^^^^^^^^^^^^^^^^^^^^^^^^^^^^^^^[0m
  [90m4 |[0m [36mimport[0m { twMerge } [36mfrom[0m [32m"tailwind-merge"[0m;
  [90m5 |[0m
  [90m6 |[0m [36minterface[0m [33mFooterColumn[0m {

The export Twitter was not found in module [project]/node_modules/lucide-react/dist/esm/lucide-react.js [app-rsc] 
(ecmascript).
Did you mean to import Timer?
All exports of the module are statically known (It doesn't have dynamic exports). So it's known statically that the 
requested export doesn't exist.

Import traces:
  Server Component:
    ./src/components/blocks/FooterBlock.tsx
    ./src/components/blocks/BlockRenderer.tsx
    ./src/app/[slug]/page.tsx

  Client Component Browser:
    ./src/components/blocks/FooterBlock.tsx [Client Component Browser]
    ./src/components/blocks/AdminBlockRenderer.tsx [Client Component Browser]
    ./src/components/admin/VisualBuilder.tsx [Client Component Browser]
    ./src/app/admin/templates/[id]/page.tsx [Client Component Browser]
    ./src/app/admin/templates/[id]/page.tsx [Server Component]

  Client Component SSR:
    ./src/components/blocks/FooterBlock.tsx [Client Component SSR]
    ./src/components/blocks/AdminBlockRenderer.tsx [Client Component SSR]
    ./src/components/admin/VisualBuilder.tsx [Client Component SSR]
    ./src/app/admin/templates/[id]/page.tsx [Client Component SSR]
    ./src/app/admin/templates/[id]/page.tsx [Server Component]


./src/components/blocks/FooterBlock.tsx:3:1
Export Twitter doesn't exist in target module
  [90m1 |[0m [36mimport[0m [33mLink[0m [36mfrom[0m [32m"next/link"[0m;
  [90m2 |[0m [36mimport[0m { [33mReactNode[0m } [36mfrom[0m [32m"react"[0m;
[31m[1m>[0m [90m3 |[0m [36mimport[0m { [33mMapPin[0m, [33mPhone[0m, [33mMail[0m, [33mFacebook[0m, 
[33mInstagram[0m, [33mLinkedin[0m, [33mTwitter[0m } [36mfrom[0m [32m"lucide-react"[0m;
  [90m  |[0m [31m[1m^^^^^^^^^^^^^^^^^^^^^^^^^^^^^^^^^^^^^^^^^^^^^^^^^^^^^^^^^^^^^^^^^^^^^^^^^^^^^^^^^^^^^^^^^^^[0m
  [90m4 |[0m [36mimport[0m { twMerge } [36mfrom[0m [32m"tailwind-merge"[0m;
  [90m5 |[0m
  [90m6 |[0m [36minterface[0m [33mFooterColumn[0m {

The export Twitter was not found in module [project]/node_modules/lucide-react/dist/esm/lucide-react.js [app-ssr] 
(ecmascript).
Did you mean to import Timer?
All exports of the module are statically known (It doesn't have dynamic exports). So it's known statically that the 
requested export doesn't exist.

Import traces:
  Server Component:
    ./src/components/blocks/FooterBlock.tsx
    ./src/components/blocks/BlockRenderer.tsx
    ./src/app/[slug]/page.tsx

  Client Component Browser:
    ./src/components/blocks/FooterBlock.tsx [Client Component Browser]
    ./src/components/blocks/AdminBlockRenderer.tsx [Client Component Browser]
    ./src/components/admin/VisualBuilder.tsx [Client Component Browser]
    ./src/app/admin/templates/[id]/page.tsx [Client Component Browser]
    ./src/app/admin/templates/[id]/page.tsx [Server Component]

  Client Component SSR:
    ./src/components/blocks/FooterBlock.tsx [Client Component SSR]
    ./src/components/blocks/AdminBlockRenderer.tsx [Client Component SSR]
    ./src/components/admin/VisualBuilder.tsx [Client Component SSR]
    ./src/app/admin/templates/[id]/page.tsx [Client Component SSR]
    ./src/app/admin/templates/[id]/page.tsx [Server Component]


    at <unknown> (./src/components/blocks/FooterBlock.tsx:3:1)
    at <unknown> (./src/components/blocks/FooterBlock.tsx:3:1)
    at <unknown> (./src/components/blocks/FooterBlock.tsx:3:1)
    at <unknown> (./src/components/blocks/FooterBlock.tsx:3:1)
    at <unknown> (./src/components/blocks/FooterBlock.tsx:3:1)
    at <unknown> (./src/components/blocks/FooterBlock.tsx:3:1)
    at <unknown> (./src/components/blocks/FooterBlock.tsx:3:1)
    at <unknown> (./src/components/blocks/FooterBlock.tsx:3:1)
    at <unknown> (./src/components/blocks/FooterBlock.tsx:3:1)
    at <unknown> (./src/components/blocks/FooterBlock.tsx:3:1)
    at <unknown> (./src/components/blocks/FooterBlock.tsx:3:1)
    at <unknown> (./src/components/blocks/FooterBlock.tsx:3:1)
